127.0.0.1 - - [03/Dec/2020:08:54:56 +0800] "POST /nacos/v1/cs/configs/listener HTTP/1.1" 200 - 52837901 Java/1.8.0_131 -
127.0.0.1 - - [03/Dec/2020:08:55:26 +0800] "POST /nacos/v1/cs/configs/listener HTTP/1.1" 200 - 29506 Java/1.8.0_131 -
127.0.0.1 - - [03/Dec/2020:08:55:55 +0800] "POST /nacos/v1/cs/configs/listener HTTP/1.1" 200 - 29507 Java/1.8.0_131 -
127.0.0.1 - - [03/Dec/2020:08:56:25 +0800] "POST /nacos/v1/cs/configs/listener HTTP/1.1" 200 - 29503 Java/1.8.0_131 -
0:0:0:0:0:0:0:1 - - [03/Dec/2020:08:56:32 +0800] "GET /nacos/v1/cs/configs?dataId=bamboo.test&group=&appName=&config_tags=&pageNo=1&pageSize=10&tenant=&search=accurate&accessToken=eyJhbGciOiJIUzI1NiJ9.eyJzdWIiOiJuYWNvcyIsImV4cCI6MTYwNjkxOTc1OX0.8A-bFk8ePRMJ6A8WRZg_4ooRetdHiYSU9V2zR2rVjUo HTTP/1.1" 200 245 14 Mozilla/5.0 (Windows NT 10.0; Win64; x64) AppleWebKit/537.36 (KHTML, like Gecko) Chrome/86.0.4240.198 Safari/537.36 -
0:0:0:0:0:0:0:1 - - [03/Dec/2020:08:56:35 +0800] "GET /nacos/v1/cs/configs?dataId=&group=&appName=&config_tags=&pageNo=1&pageSize=10&tenant=&search=accurate&accessToken=eyJhbGciOiJIUzI1NiJ9.eyJzdWIiOiJuYWNvcyIsImV4cCI6MTYwNjkxOTc1OX0.8A-bFk8ePRMJ6A8WRZg_4ooRetdHiYSU9V2zR2rVjUo HTTP/1.1" 200 245 10 Mozilla/5.0 (Windows NT 10.0; Win64; x64) AppleWebKit/537.36 (KHTML, like Gecko) Chrome/86.0.4240.198 Safari/537.36 -
127.0.0.1 - - [03/Dec/2020:08:56:54 +0800] "POST /nacos/v1/cs/configs/listener HTTP/1.1" 500 - 29504 Java/1.8.0_131 -
127.0.0.1 - - [03/Dec/2020:08:57:02 +0800] "GET /nacos/v1/cs/configs?dataId=bamboo.test&group=DEFAULT_GROUP HTTP/1.1" 200 41 23 Java/1.8.0_131 -
127.0.0.1 - - [03/Dec/2020:08:57:02 +0800] "POST /nacos/v1/cs/configs/listener HTTP/1.1" 200 32 5 Java/1.8.0_131 -
127.0.0.1 - - [03/Dec/2020:08:57:02 +0800] "GET /nacos/v1/cs/configs?dataId=bamboo.test&group=DEFAULT_GROUP HTTP/1.1" 200 41 5 Java/1.8.0_131 -
127.0.0.1 - - [03/Dec/2020:08:57:31 +0800] "POST /nacos/v1/cs/configs/listener HTTP/1.1" 200 - 29508 Java/1.8.0_131 -
0:0:0:0:0:0:0:1 - - [03/Dec/2020:08:57:40 +0800] "GET /nacos/ HTTP/1.1" 304 - 13 Mozilla/5.0 (Windows NT 10.0; Win64; x64) AppleWebKit/537.36 (KHTML, like Gecko) Chrome/86.0.4240.198 Safari/537.36 -
0:0:0:0:0:0:0:1 - - [03/Dec/2020:08:57:41 +0800] "GET /nacos/v1/console/namespaces?&accessToken=eyJhbGciOiJIUzI1NiJ9.eyJzdWIiOiJuYWNvcyIsImV4cCI6MTYwNjkxOTc1OX0.8A-bFk8ePRMJ6A8WRZg_4ooRetdHiYSU9V2zR2rVjUo&namespaceId= HTTP/1.1" 200 130 18 Mozilla/5.0 (Windows NT 10.0; Win64; x64) AppleWebKit/537.36 (KHTML, like Gecko) Chrome/86.0.4240.198 Safari/537.36 -
0:0:0:0:0:0:0:1 - - [03/Dec/2020:08:57:41 +0800] "GET /nacos/v1/console/server/state?accessToken=eyJhbGciOiJIUzI1NiJ9.eyJzdWIiOiJuYWNvcyIsImV4cCI6MTYwNjkxOTc1OX0.8A-bFk8ePRMJ6A8WRZg_4ooRetdHiYSU9V2zR2rVjUo HTTP/1.1" 200 82 5 Mozilla/5.0 (Windows NT 10.0; Win64; x64) AppleWebKit/537.36 (KHTML, like Gecko) Chrome/86.0.4240.198 Safari/537.36 -
0:0:0:0:0:0:0:1 - - [03/Dec/2020:08:57:41 +0800] "GET /nacos/v1/cs/configs?dataId=&group=&appName=&config_tags=&pageNo=1&pageSize=10&tenant=&search=accurate&accessToken=eyJhbGciOiJIUzI1NiJ9.eyJzdWIiOiJuYWNvcyIsImV4cCI6MTYwNjkxOTc1OX0.8A-bFk8ePRMJ6A8WRZg_4ooRetdHiYSU9V2zR2rVjUo HTTP/1.1" 200 245 13 Mozilla/5.0 (Windows NT 10.0; Win64; x64) AppleWebKit/537.36 (KHTML, like Gecko) Chrome/86.0.4240.198 Safari/537.36 -
0:0:0:0:0:0:0:1 - - [03/Dec/2020:08:57:41 +0800] "GET /nacos/console-fe/public/icons/icon-font.woff2 HTTP/1.1" 404 177 18 Mozilla/5.0 (Windows NT 10.0; Win64; x64) AppleWebKit/537.36 (KHTML, like Gecko) Chrome/86.0.4240.198 Safari/537.36 -
0:0:0:0:0:0:0:1 - - [03/Dec/2020:08:57:41 +0800] "GET /nacos/console-fe/public/img/favicon.ico HTTP/1.1" 200 4286 7 Mozilla/5.0 (Windows NT 10.0; Win64; x64) AppleWebKit/537.36 (KHTML, like Gecko) Chrome/86.0.4240.198 Safari/537.36 -
0:0:0:0:0:0:0:1 - - [03/Dec/2020:08:57:57 +0800] "GET /nacos/v1/cs/configs?dataId=&group=&appName=&config_tags=&pageNo=1&pageSize=10&tenant=&search=accurate&accessToken=eyJhbGciOiJIUzI1NiJ9.eyJzdWIiOiJuYWNvcyIsImV4cCI6MTYwNjkxOTc1OX0.8A-bFk8ePRMJ6A8WRZg_4ooRetdHiYSU9V2zR2rVjUo HTTP/1.1" 200 245 8 Mozilla/5.0 (Windows NT 10.0; Win64; x64) AppleWebKit/537.36 (KHTML, like Gecko) Chrome/86.0.4240.198 Safari/537.36 -
127.0.0.1 - - [03/Dec/2020:08:58:01 +0800] "POST /nacos/v1/cs/configs/listener HTTP/1.1" 200 - 29509 Java/1.8.0_131 -
127.0.0.1 - - [03/Dec/2020:08:58:30 +0800] "POST /nacos/v1/cs/configs/listener HTTP/1.1" 200 - 29503 Java/1.8.0_131 -
127.0.0.1 - - [03/Dec/2020:08:59:00 +0800] "POST /nacos/v1/cs/configs/listener HTTP/1.1" 200 - 29504 Java/1.8.0_131 -
127.0.0.1 - - [03/Dec/2020:08:59:29 +0800] "POST /nacos/v1/cs/configs/listener HTTP/1.1" 200 - 29504 Java/1.8.0_131 -
127.0.0.1 - - [03/Dec/2020:08:59:59 +0800] "POST /nacos/v1/cs/configs/listener HTTP/1.1" 200 - 29502 Java/1.8.0_131 -
127.0.0.1 - - [03/Dec/2020:09:00:28 +0800] "POST /nacos/v1/cs/configs/listener HTTP/1.1" 200 - 29505 Java/1.8.0_131 -
127.0.0.1 - - [03/Dec/2020:09:00:58 +0800] "POST /nacos/v1/cs/configs/listener HTTP/1.1" 200 - 29507 Java/1.8.0_131 -
127.0.0.1 - - [03/Dec/2020:09:01:27 +0800] "POST /nacos/v1/cs/configs/listener HTTP/1.1" 200 - 29509 Java/1.8.0_131 -
127.0.0.1 - - [03/Dec/2020:09:01:57 +0800] "POST /nacos/v1/cs/configs/listener HTTP/1.1" 200 - 29504 Java/1.8.0_131 -
127.0.0.1 - - [03/Dec/2020:09:02:26 +0800] "POST /nacos/v1/cs/configs/listener HTTP/1.1" 200 - 29505 Java/1.8.0_131 -
127.0.0.1 - - [03/Dec/2020:09:02:56 +0800] "POST /nacos/v1/cs/configs/listener HTTP/1.1" 200 - 29506 Java/1.8.0_131 -
127.0.0.1 - - [03/Dec/2020:09:03:26 +0800] "POST /nacos/v1/cs/configs/listener HTTP/1.1" 200 - 29507 Java/1.8.0_131 -
127.0.0.1 - - [03/Dec/2020:09:03:55 +0800] "POST /nacos/v1/cs/configs/listener HTTP/1.1" 200 - 29507 Java/1.8.0_131 -
127.0.0.1 - - [03/Dec/2020:09:04:25 +0800] "POST /nacos/v1/cs/configs/listener HTTP/1.1" 200 - 29507 Java/1.8.0_131 -
127.0.0.1 - - [03/Dec/2020:09:04:54 +0800] "POST /nacos/v1/cs/configs/listener HTTP/1.1" 200 - 29503 Java/1.8.0_131 -
127.0.0.1 - - [03/Dec/2020:09:05:24 +0800] "POST /nacos/v1/cs/configs/listener HTTP/1.1" 500 - 29507 Java/1.8.0_131 -
127.0.0.1 - - [03/Dec/2020:09:05:48 +0800] "GET /nacos/v1/cs/configs?dataId=springboot2-nacos-config&group=DEFAULT_GROUP HTTP/1.1" 404 23 5 Java/1.8.0_131 -
127.0.0.1 - - [03/Dec/2020:09:05:48 +0800] "POST /nacos/v1/cs/configs/listener HTTP/1.1" 200 - 4 Java/1.8.0_131 -
0:0:0:0:0:0:0:1 - - [03/Dec/2020:09:05:59 +0800] "GET /nacos/ HTTP/1.1" 304 - 8 Mozilla/5.0 (Windows NT 10.0; Win64; x64) AppleWebKit/537.36 (KHTML, like Gecko) Chrome/86.0.4240.198 Safari/537.36 -
0:0:0:0:0:0:0:1 - - [03/Dec/2020:09:06:00 +0800] "GET /nacos/v1/console/namespaces?&accessToken=eyJhbGciOiJIUzI1NiJ9.eyJzdWIiOiJuYWNvcyIsImV4cCI6MTYwNjkxOTc1OX0.8A-bFk8ePRMJ6A8WRZg_4ooRetdHiYSU9V2zR2rVjUo&namespaceId= HTTP/1.1" 200 130 11 Mozilla/5.0 (Windows NT 10.0; Win64; x64) AppleWebKit/537.36 (KHTML, like Gecko) Chrome/86.0.4240.198 Safari/537.36 -
0:0:0:0:0:0:0:1 - - [03/Dec/2020:09:06:00 +0800] "GET /nacos/v1/console/server/state?accessToken=eyJhbGciOiJIUzI1NiJ9.eyJzdWIiOiJuYWNvcyIsImV4cCI6MTYwNjkxOTc1OX0.8A-bFk8ePRMJ6A8WRZg_4ooRetdHiYSU9V2zR2rVjUo HTTP/1.1" 200 82 4 Mozilla/5.0 (Windows NT 10.0; Win64; x64) AppleWebKit/537.36 (KHTML, like Gecko) Chrome/86.0.4240.198 Safari/537.36 -
0:0:0:0:0:0:0:1 - - [03/Dec/2020:09:06:00 +0800] "GET /nacos/v1/cs/configs?dataId=&group=&appName=&config_tags=&pageNo=1&pageSize=10&tenant=&search=accurate&accessToken=eyJhbGciOiJIUzI1NiJ9.eyJzdWIiOiJuYWNvcyIsImV4cCI6MTYwNjkxOTc1OX0.8A-bFk8ePRMJ6A8WRZg_4ooRetdHiYSU9V2zR2rVjUo HTTP/1.1" 200 245 17 Mozilla/5.0 (Windows NT 10.0; Win64; x64) AppleWebKit/537.36 (KHTML, like Gecko) Chrome/86.0.4240.198 Safari/537.36 -
0:0:0:0:0:0:0:1 - - [03/Dec/2020:09:06:00 +0800] "GET /nacos/console-fe/public/icons/icon-font.woff2 HTTP/1.1" 404 177 19 Mozilla/5.0 (Windows NT 10.0; Win64; x64) AppleWebKit/537.36 (KHTML, like Gecko) Chrome/86.0.4240.198 Safari/537.36 -
0:0:0:0:0:0:0:1 - - [03/Dec/2020:09:06:00 +0800] "GET /nacos/console-fe/public/img/favicon.ico HTTP/1.1" 200 4286 4 Mozilla/5.0 (Windows NT 10.0; Win64; x64) AppleWebKit/537.36 (KHTML, like Gecko) Chrome/86.0.4240.198 Safari/537.36 -
127.0.0.1 - - [03/Dec/2020:09:06:18 +0800] "POST /nacos/v1/cs/configs/listener HTTP/1.1" 200 - 29503 Java/1.8.0_131 -
127.0.0.1 - - [03/Dec/2020:09:06:47 +0800] "POST /nacos/v1/cs/configs/listener HTTP/1.1" 200 - 29504 Java/1.8.0_131 -
127.0.0.1 - - [03/Dec/2020:09:07:17 +0800] "POST /nacos/v1/cs/configs/listener HTTP/1.1" 200 - 29506 Java/1.8.0_131 -
127.0.0.1 - - [03/Dec/2020:09:07:46 +0800] "POST /nacos/v1/cs/configs/listener HTTP/1.1" 200 - 29507 Java/1.8.0_131 -
0:0:0:0:0:0:0:1 - - [03/Dec/2020:09:07:53 +0800] "GET /nacos/v1/cs/configs?&accessToken=eyJhbGciOiJIUzI1NiJ9.eyJzdWIiOiJuYWNvcyIsImV4cCI6MTYwNjkxOTc1OX0.8A-bFk8ePRMJ6A8WRZg_4ooRetdHiYSU9V2zR2rVjUo&show=all&dataId=springboot2-nacos-config&group=DEFAULT_GROUP&tenant=&namespaceId= HTTP/1.1" 200 - 10 Mozilla/5.0 (Windows NT 10.0; Win64; x64) AppleWebKit/537.36 (KHTML, like Gecko) Chrome/86.0.4240.198 Safari/537.36 -
0:0:0:0:0:0:0:1 - - [03/Dec/2020:09:07:53 +0800] "POST /nacos/v1/cs/configs?&accessToken=eyJhbGciOiJIUzI1NiJ9.eyJzdWIiOiJuYWNvcyIsImV4cCI6MTYwNjkxOTc1OX0.8A-bFk8ePRMJ6A8WRZg_4ooRetdHiYSU9V2zR2rVjUo HTTP/1.1" 200 14 35 Mozilla/5.0 (Windows NT 10.0; Win64; x64) AppleWebKit/537.36 (KHTML, like Gecko) Chrome/86.0.4240.198 Safari/537.36 -
192.168.10.142 - - [03/Dec/2020:09:07:53 +0800] "GET /nacos/v1/cs/communication/dataChange?dataId=springboot2-nacos-config&group=DEFAULT_GROUP HTTP/1.1" 200 14 5 Apache-HttpAsyncClient/4.1.3 (Java/1.8.0_131) -
127.0.0.1 - - [03/Dec/2020:09:07:53 +0800] "POST /nacos/v1/cs/configs/listener HTTP/1.1" 200 45 6694 Java/1.8.0_131 -
127.0.0.1 - - [03/Dec/2020:09:07:53 +0800] "GET /nacos/v1/cs/configs?dataId=springboot2-nacos-config&group=DEFAULT_GROUP HTTP/1.1" 200 24 4 Java/1.8.0_131 -
0:0:0:0:0:0:0:1 - - [03/Dec/2020:09:07:56 +0800] "GET /nacos/v1/cs/configs?dataId=&group=&appName=&config_tags=&pageNo=1&pageSize=10&tenant=&search=accurate&accessToken=eyJhbGciOiJIUzI1NiJ9.eyJzdWIiOiJuYWNvcyIsImV4cCI6MTYwNjkxOTc1OX0.8A-bFk8ePRMJ6A8WRZg_4ooRetdHiYSU9V2zR2rVjUo HTTP/1.1" 200 404 13 Mozilla/5.0 (Windows NT 10.0; Win64; x64) AppleWebKit/537.36 (KHTML, like Gecko) Chrome/86.0.4240.198 Safari/537.36 -
127.0.0.1 - - [03/Dec/2020:09:08:22 +0800] "POST /nacos/v1/cs/configs/listener HTTP/1.1" 200 - 29508 Java/1.8.0_131 -
127.0.0.1 - - [03/Dec/2020:09:08:52 +0800] "POST /nacos/v1/cs/configs/listener HTTP/1.1" 200 - 29508 Java/1.8.0_131 -
0:0:0:0:0:0:0:1 - - [03/Dec/2020:09:08:59 +0800] "GET /nacos/v1/ns/catalog/services?hasIpCount=true&withInstances=false&pageNo=1&pageSize=10&serviceNameParam=&groupNameParam=&accessToken=eyJhbGciOiJIUzI1NiJ9.eyJzdWIiOiJuYWNvcyIsImV4cCI6MTYwNjkxOTc1OX0.8A-bFk8ePRMJ6A8WRZg_4ooRetdHiYSU9V2zR2rVjUo&namespaceId= HTTP/1.1" 200 39 7 Mozilla/5.0 (Windows NT 10.0; Win64; x64) AppleWebKit/537.36 (KHTML, like Gecko) Chrome/86.0.4240.198 Safari/537.36 -
0:0:0:0:0:0:0:1 - - [03/Dec/2020:09:09:02 +0800] "GET /nacos/v1/cs/configs?dataId=&group=&appName=&config_tags=&pageNo=1&pageSize=10&tenant=&search=accurate&accessToken=eyJhbGciOiJIUzI1NiJ9.eyJzdWIiOiJuYWNvcyIsImV4cCI6MTYwNjkxOTc1OX0.8A-bFk8ePRMJ6A8WRZg_4ooRetdHiYSU9V2zR2rVjUo HTTP/1.1" 200 404 15 Mozilla/5.0 (Windows NT 10.0; Win64; x64) AppleWebKit/537.36 (KHTML, like Gecko) Chrome/86.0.4240.198 Safari/537.36 -
192.168.10.142 - - [03/Dec/2020:09:09:10 +0800] "GET /nacos/v1/cs/communication/configWatchers?&dataId=springboot2-nacos-config&group=DEFAULT_GROUP HTTP/1.1" 200 87 228 Java/1.8.0_131 -
0:0:0:0:0:0:0:1 - - [03/Dec/2020:09:09:10 +0800] "GET /nacos/v1/cs/configs/listener?dataId=springboot2-nacos-config&group=DEFAULT_GROUP&tenant=&accessToken=eyJhbGciOiJIUzI1NiJ9.eyJzdWIiOiJuYWNvcyIsImV4cCI6MTYwNjkxOTc1OX0.8A-bFk8ePRMJ6A8WRZg_4ooRetdHiYSU9V2zR2rVjUo&namespaceId= HTTP/1.1" 200 107 391 Mozilla/5.0 (Windows NT 10.0; Win64; x64) AppleWebKit/537.36 (KHTML, like Gecko) Chrome/86.0.4240.198 Safari/537.36 -
127.0.0.1 - - [03/Dec/2020:09:09:21 +0800] "POST /nacos/v1/cs/configs/listener HTTP/1.1" 200 - 29505 Java/1.8.0_131 -
127.0.0.1 - - [03/Dec/2020:09:09:51 +0800] "POST /nacos/v1/cs/configs/listener HTTP/1.1" 200 - 29507 Java/1.8.0_131 -
127.0.0.1 - - [03/Dec/2020:09:10:20 +0800] "POST /nacos/v1/cs/configs/listener HTTP/1.1" 200 - 29509 Java/1.8.0_131 -
0:0:0:0:0:0:0:1 - - [03/Dec/2020:09:10:42 +0800] "GET /nacos/v1/cs/history?search=accurate&dataId=springboot2-nacos-config&group=DEFAULT_GROUP&&pageNo=1&pageSize=10&tenant=&accessToken=eyJhbGciOiJIUzI1NiJ9.eyJzdWIiOiJuYWNvcyIsImV4cCI6MTYwNjkxOTc1OX0.8A-bFk8ePRMJ6A8WRZg_4ooRetdHiYSU9V2zR2rVjUo&namespaceId= HTTP/1.1" 200 359 31 Mozilla/5.0 (Windows NT 10.0; Win64; x64) AppleWebKit/537.36 (KHTML, like Gecko) Chrome/86.0.4240.198 Safari/537.36 -
0:0:0:0:0:0:0:1 - - [03/Dec/2020:09:10:43 +0800] "GET /nacos/v1/cs/configs?dataId=springboot2-nacos-config&group=DEFAULT_GROUP&appName=&config_tags=&pageNo=1&pageSize=10&tenant=&search=accurate&accessToken=eyJhbGciOiJIUzI1NiJ9.eyJzdWIiOiJuYWNvcyIsImV4cCI6MTYwNjkxOTc1OX0.8A-bFk8ePRMJ6A8WRZg_4ooRetdHiYSU9V2zR2rVjUo HTTP/1.1" 200 233 13 Mozilla/5.0 (Windows NT 10.0; Win64; x64) AppleWebKit/537.36 (KHTML, like Gecko) Chrome/86.0.4240.198 Safari/537.36 -
0:0:0:0:0:0:0:1 - - [03/Dec/2020:09:10:45 +0800] "GET /nacos/v1/cs/history?search=accurate&dataId=springboot2-nacos-config&group=DEFAULT_GROUP&&pageNo=1&pageSize=10&tenant=&accessToken=eyJhbGciOiJIUzI1NiJ9.eyJzdWIiOiJuYWNvcyIsImV4cCI6MTYwNjkxOTc1OX0.8A-bFk8ePRMJ6A8WRZg_4ooRetdHiYSU9V2zR2rVjUo&namespaceId= HTTP/1.1" 200 359 10 Mozilla/5.0 (Windows NT 10.0; Win64; x64) AppleWebKit/537.36 (KHTML, like Gecko) Chrome/86.0.4240.198 Safari/537.36 -
0:0:0:0:0:0:0:1 - - [03/Dec/2020:09:10:46 +0800] "GET /nacos/v1/cs/configs?dataId=springboot2-nacos-config&group=DEFAULT_GROUP&appName=&config_tags=&pageNo=1&pageSize=10&tenant=&search=accurate&accessToken=eyJhbGciOiJIUzI1NiJ9.eyJzdWIiOiJuYWNvcyIsImV4cCI6MTYwNjkxOTc1OX0.8A-bFk8ePRMJ6A8WRZg_4ooRetdHiYSU9V2zR2rVjUo HTTP/1.1" 200 233 11 Mozilla/5.0 (Windows NT 10.0; Win64; x64) AppleWebKit/537.36 (KHTML, like Gecko) Chrome/86.0.4240.198 Safari/537.36 -
0:0:0:0:0:0:0:1 - - [03/Dec/2020:09:10:49 +0800] "GET /nacos/ HTTP/1.1" 304 - 5 Mozilla/5.0 (Windows NT 10.0; Win64; x64) AppleWebKit/537.36 (KHTML, like Gecko) Chrome/86.0.4240.198 Safari/537.36 -
0:0:0:0:0:0:0:1 - - [03/Dec/2020:09:10:50 +0800] "GET /nacos/v1/console/namespaces?&accessToken=eyJhbGciOiJIUzI1NiJ9.eyJzdWIiOiJuYWNvcyIsImV4cCI6MTYwNjkxOTc1OX0.8A-bFk8ePRMJ6A8WRZg_4ooRetdHiYSU9V2zR2rVjUo&namespaceId= HTTP/1.1" 200 130 17 Mozilla/5.0 (Windows NT 10.0; Win64; x64) AppleWebKit/537.36 (KHTML, like Gecko) Chrome/86.0.4240.198 Safari/537.36 -
0:0:0:0:0:0:0:1 - - [03/Dec/2020:09:10:50 +0800] "GET /nacos/v1/console/server/state?accessToken=eyJhbGciOiJIUzI1NiJ9.eyJzdWIiOiJuYWNvcyIsImV4cCI6MTYwNjkxOTc1OX0.8A-bFk8ePRMJ6A8WRZg_4ooRetdHiYSU9V2zR2rVjUo HTTP/1.1" 200 82 7 Mozilla/5.0 (Windows NT 10.0; Win64; x64) AppleWebKit/537.36 (KHTML, like Gecko) Chrome/86.0.4240.198 Safari/537.36 -
0:0:0:0:0:0:0:1 - - [03/Dec/2020:09:10:50 +0800] "GET /nacos/v1/cs/configs?dataId=springboot2-nacos-config&group=DEFAULT_GROUP&appName=&config_tags=&pageNo=1&pageSize=10&tenant=&search=accurate&accessToken=eyJhbGciOiJIUzI1NiJ9.eyJzdWIiOiJuYWNvcyIsImV4cCI6MTYwNjkxOTc1OX0.8A-bFk8ePRMJ6A8WRZg_4ooRetdHiYSU9V2zR2rVjUo HTTP/1.1" 200 233 15 Mozilla/5.0 (Windows NT 10.0; Win64; x64) AppleWebKit/537.36 (KHTML, like Gecko) Chrome/86.0.4240.198 Safari/537.36 -
0:0:0:0:0:0:0:1 - - [03/Dec/2020:09:10:50 +0800] "GET /nacos/console-fe/public/icons/icon-font.woff2 HTTP/1.1" 404 177 15 Mozilla/5.0 (Windows NT 10.0; Win64; x64) AppleWebKit/537.36 (KHTML, like Gecko) Chrome/86.0.4240.198 Safari/537.36 -
127.0.0.1 - - [03/Dec/2020:09:10:50 +0800] "POST /nacos/v1/cs/configs/listener HTTP/1.1" 200 - 29505 Java/1.8.0_131 -
0:0:0:0:0:0:0:1 - - [03/Dec/2020:09:10:50 +0800] "GET /nacos/console-fe/public/img/favicon.ico HTTP/1.1" 200 4286 5 Mozilla/5.0 (Windows NT 10.0; Win64; x64) AppleWebKit/537.36 (KHTML, like Gecko) Chrome/86.0.4240.198 Safari/537.36 -
0:0:0:0:0:0:0:1 - - [03/Dec/2020:09:10:55 +0800] "GET /nacos/v1/cs/configs?dataId=&group=DEFAULT_GROUP&appName=&config_tags=&pageNo=1&pageSize=10&tenant=&search=accurate&accessToken=eyJhbGciOiJIUzI1NiJ9.eyJzdWIiOiJuYWNvcyIsImV4cCI6MTYwNjkxOTc1OX0.8A-bFk8ePRMJ6A8WRZg_4ooRetdHiYSU9V2zR2rVjUo HTTP/1.1" 200 404 10 Mozilla/5.0 (Windows NT 10.0; Win64; x64) AppleWebKit/537.36 (KHTML, like Gecko) Chrome/86.0.4240.198 Safari/537.36 -
0:0:0:0:0:0:0:1 - - [03/Dec/2020:09:10:56 +0800] "GET /nacos/v1/cs/history?search=accurate&dataId=springboot2-nacos-config&group=DEFAULT_GROUP&&pageNo=1&pageSize=10&tenant=&accessToken=eyJhbGciOiJIUzI1NiJ9.eyJzdWIiOiJuYWNvcyIsImV4cCI6MTYwNjkxOTc1OX0.8A-bFk8ePRMJ6A8WRZg_4ooRetdHiYSU9V2zR2rVjUo&namespaceId= HTTP/1.1" 200 359 15 Mozilla/5.0 (Windows NT 10.0; Win64; x64) AppleWebKit/537.36 (KHTML, like Gecko) Chrome/86.0.4240.198 Safari/537.36 -
192.168.10.142 - - [03/Dec/2020:09:10:58 +0800] "GET /nacos/v1/cs/communication/configWatchers?&dataId=springboot2-nacos-config&group=DEFAULT_GROUP HTTP/1.1" 200 87 206 Java/1.8.0_131 -
0:0:0:0:0:0:0:1 - - [03/Dec/2020:09:10:58 +0800] "GET /nacos/v1/cs/configs/listener?dataId=springboot2-nacos-config&group=DEFAULT_GROUP&tenant=&accessToken=eyJhbGciOiJIUzI1NiJ9.eyJzdWIiOiJuYWNvcyIsImV4cCI6MTYwNjkxOTc1OX0.8A-bFk8ePRMJ6A8WRZg_4ooRetdHiYSU9V2zR2rVjUo&namespaceId= HTTP/1.1" 200 107 217 Mozilla/5.0 (Windows NT 10.0; Win64; x64) AppleWebKit/537.36 (KHTML, like Gecko) Chrome/86.0.4240.198 Safari/537.36 -
0:0:0:0:0:0:0:1 - - [03/Dec/2020:09:11:00 +0800] "GET /nacos/v1/cs/history?search=accurate&dataId=springboot2-nacos-config&group=DEFAULT_GROUP&&pageNo=1&pageSize=10&tenant=&accessToken=eyJhbGciOiJIUzI1NiJ9.eyJzdWIiOiJuYWNvcyIsImV4cCI6MTYwNjkxOTc1OX0.8A-bFk8ePRMJ6A8WRZg_4ooRetdHiYSU9V2zR2rVjUo&namespaceId= HTTP/1.1" 200 359 13 Mozilla/5.0 (Windows NT 10.0; Win64; x64) AppleWebKit/537.36 (KHTML, like Gecko) Chrome/86.0.4240.198 Safari/537.36 -
127.0.0.1 - - [03/Dec/2020:09:11:19 +0800] "POST /nacos/v1/cs/configs/listener HTTP/1.1" 200 - 29505 Java/1.8.0_131 -
0:0:0:0:0:0:0:1 - - [03/Dec/2020:09:11:49 +0800] "GET /nacos/v1/cs/configs?dataId=springboot2-nacos-config&group=DEFAULT_GROUP&appName=&config_tags=&pageNo=1&pageSize=10&tenant=&search=accurate&accessToken=eyJhbGciOiJIUzI1NiJ9.eyJzdWIiOiJuYWNvcyIsImV4cCI6MTYwNjkxOTc1OX0.8A-bFk8ePRMJ6A8WRZg_4ooRetdHiYSU9V2zR2rVjUo HTTP/1.1" 200 233 19 Mozilla/5.0 (Windows NT 10.0; Win64; x64) AppleWebKit/537.36 (KHTML, like Gecko) Chrome/86.0.4240.198 Safari/537.36 -
127.0.0.1 - - [03/Dec/2020:09:11:49 +0800] "POST /nacos/v1/cs/configs/listener HTTP/1.1" 200 - 29510 Java/1.8.0_131 -
0:0:0:0:0:0:0:1 - - [03/Dec/2020:09:11:53 +0800] "GET /nacos/ HTTP/1.1" 304 - 15 Mozilla/5.0 (Windows NT 10.0; Win64; x64) AppleWebKit/537.36 (KHTML, like Gecko) Chrome/86.0.4240.198 Safari/537.36 -
0:0:0:0:0:0:0:1 - - [03/Dec/2020:09:11:54 +0800] "GET /nacos/v1/console/namespaces?&accessToken=eyJhbGciOiJIUzI1NiJ9.eyJzdWIiOiJuYWNvcyIsImV4cCI6MTYwNjkxOTc1OX0.8A-bFk8ePRMJ6A8WRZg_4ooRetdHiYSU9V2zR2rVjUo&namespaceId= HTTP/1.1" 200 130 10 Mozilla/5.0 (Windows NT 10.0; Win64; x64) AppleWebKit/537.36 (KHTML, like Gecko) Chrome/86.0.4240.198 Safari/537.36 -
0:0:0:0:0:0:0:1 - - [03/Dec/2020:09:11:54 +0800] "GET /nacos/v1/console/server/state?accessToken=eyJhbGciOiJIUzI1NiJ9.eyJzdWIiOiJuYWNvcyIsImV4cCI6MTYwNjkxOTc1OX0.8A-bFk8ePRMJ6A8WRZg_4ooRetdHiYSU9V2zR2rVjUo HTTP/1.1" 200 82 7 Mozilla/5.0 (Windows NT 10.0; Win64; x64) AppleWebKit/537.36 (KHTML, like Gecko) Chrome/86.0.4240.198 Safari/537.36 -
0:0:0:0:0:0:0:1 - - [03/Dec/2020:09:11:54 +0800] "GET /nacos/v1/cs/configs?dataId=springboot2-nacos-config&group=DEFAULT_GROUP&appName=&config_tags=&pageNo=1&pageSize=10&tenant=&search=accurate&accessToken=eyJhbGciOiJIUzI1NiJ9.eyJzdWIiOiJuYWNvcyIsImV4cCI6MTYwNjkxOTc1OX0.8A-bFk8ePRMJ6A8WRZg_4ooRetdHiYSU9V2zR2rVjUo HTTP/1.1" 200 233 19 Mozilla/5.0 (Windows NT 10.0; Win64; x64) AppleWebKit/537.36 (KHTML, like Gecko) Chrome/86.0.4240.198 Safari/537.36 -
0:0:0:0:0:0:0:1 - - [03/Dec/2020:09:11:54 +0800] "GET /nacos/console-fe/public/icons/icon-font.woff2 HTTP/1.1" 404 177 28 Mozilla/5.0 (Windows NT 10.0; Win64; x64) AppleWebKit/537.36 (KHTML, like Gecko) Chrome/86.0.4240.198 Safari/537.36 -
0:0:0:0:0:0:0:1 - - [03/Dec/2020:09:11:54 +0800] "GET /nacos/console-fe/public/img/favicon.ico HTTP/1.1" 200 4286 7 Mozilla/5.0 (Windows NT 10.0; Win64; x64) AppleWebKit/537.36 (KHTML, like Gecko) Chrome/86.0.4240.198 Safari/537.36 -
0:0:0:0:0:0:0:1 - - [03/Dec/2020:09:11:56 +0800] "GET /nacos/v1/cs/configs?export=true&tenant=&group=DEFAULT_GROUP&appName=&dataId=&ids=&accessToken=eyJhbGciOiJIUzI1NiJ9.eyJzdWIiOiJuYWNvcyIsImV4cCI6MTYwNjkxOTc1OX0.8A-bFk8ePRMJ6A8WRZg_4ooRetdHiYSU9V2zR2rVjUo HTTP/1.1" 200 399 151 Mozilla/5.0 (Windows NT 10.0; Win64; x64) AppleWebKit/537.36 (KHTML, like Gecko) Chrome/86.0.4240.198 Safari/537.36 -
0:0:0:0:0:0:0:1 - - [03/Dec/2020:09:12:04 +0800] "GET /nacos/v1/cs/configs?dataId=&group=DEFAULT_GROUP&appName=&config_tags=&pageNo=1&pageSize=10&tenant=&search=accurate&accessToken=eyJhbGciOiJIUzI1NiJ9.eyJzdWIiOiJuYWNvcyIsImV4cCI6MTYwNjkxOTc1OX0.8A-bFk8ePRMJ6A8WRZg_4ooRetdHiYSU9V2zR2rVjUo HTTP/1.1" 200 404 11 Mozilla/5.0 (Windows NT 10.0; Win64; x64) AppleWebKit/537.36 (KHTML, like Gecko) Chrome/86.0.4240.198 Safari/537.36 -
0:0:0:0:0:0:0:1 - - [03/Dec/2020:09:12:05 +0800] "GET /nacos/v1/cs/configs?dataId=&group=DEFAULT_GROUP&appName=&config_tags=&pageNo=1&pageSize=10&tenant=&search=accurate&accessToken=eyJhbGciOiJIUzI1NiJ9.eyJzdWIiOiJuYWNvcyIsImV4cCI6MTYwNjkxOTc1OX0.8A-bFk8ePRMJ6A8WRZg_4ooRetdHiYSU9V2zR2rVjUo HTTP/1.1" 200 404 14 Mozilla/5.0 (Windows NT 10.0; Win64; x64) AppleWebKit/537.36 (KHTML, like Gecko) Chrome/86.0.4240.198 Safari/537.36 -
192.168.10.142 - - [03/Dec/2020:09:12:10 +0800] "GET /nacos/v1/cs/communication/configWatchers?&dataId=springboot2-nacos-config&group=DEFAULT_GROUP HTTP/1.1" 200 87 209 Java/1.8.0_131 -
0:0:0:0:0:0:0:1 - - [03/Dec/2020:09:12:10 +0800] "GET /nacos/v1/cs/configs/listener?dataId=springboot2-nacos-config&group=DEFAULT_GROUP&tenant=&accessToken=eyJhbGciOiJIUzI1NiJ9.eyJzdWIiOiJuYWNvcyIsImV4cCI6MTYwNjkxOTc1OX0.8A-bFk8ePRMJ6A8WRZg_4ooRetdHiYSU9V2zR2rVjUo&namespaceId= HTTP/1.1" 200 107 229 Mozilla/5.0 (Windows NT 10.0; Win64; x64) AppleWebKit/537.36 (KHTML, like Gecko) Chrome/86.0.4240.198 Safari/537.36 -
127.0.0.1 - - [03/Dec/2020:09:12:18 +0800] "POST /nacos/v1/cs/configs/listener HTTP/1.1" 200 - 29509 Java/1.8.0_131 -
127.0.0.1 - - [03/Dec/2020:09:12:48 +0800] "POST /nacos/v1/cs/configs/listener HTTP/1.1" 200 - 29508 Java/1.8.0_131 -
127.0.0.1 - - [03/Dec/2020:09:13:17 +0800] "POST /nacos/v1/cs/configs/listener HTTP/1.1" 200 - 29512 Java/1.8.0_131 -
127.0.0.1 - - [03/Dec/2020:09:13:47 +0800] "POST /nacos/v1/cs/configs/listener HTTP/1.1" 200 - 29506 Java/1.8.0_131 -
127.0.0.1 - - [03/Dec/2020:09:14:17 +0800] "POST /nacos/v1/cs/configs/listener HTTP/1.1" 200 - 29509 Java/1.8.0_131 -
127.0.0.1 - - [03/Dec/2020:09:14:46 +0800] "POST /nacos/v1/cs/configs/listener HTTP/1.1" 200 - 29511 Java/1.8.0_131 -
127.0.0.1 - - [03/Dec/2020:09:15:16 +0800] "POST /nacos/v1/cs/configs/listener HTTP/1.1" 200 - 29512 Java/1.8.0_131 -
127.0.0.1 - - [03/Dec/2020:09:15:45 +0800] "POST /nacos/v1/cs/configs/listener HTTP/1.1" 200 - 29506 Java/1.8.0_131 -
127.0.0.1 - - [03/Dec/2020:09:16:15 +0800] "POST /nacos/v1/cs/configs/listener HTTP/1.1" 200 - 29507 Java/1.8.0_131 -
127.0.0.1 - - [03/Dec/2020:09:16:44 +0800] "POST /nacos/v1/cs/configs/listener HTTP/1.1" 200 - 29507 Java/1.8.0_131 -
127.0.0.1 - - [03/Dec/2020:09:17:14 +0800] "POST /nacos/v1/cs/configs/listener HTTP/1.1" 200 - 29506 Java/1.8.0_131 -
127.0.0.1 - - [03/Dec/2020:09:17:43 +0800] "POST /nacos/v1/cs/configs/listener HTTP/1.1" 200 - 29505 Java/1.8.0_131 -
127.0.0.1 - - [03/Dec/2020:09:18:13 +0800] "POST /nacos/v1/cs/configs/listener HTTP/1.1" 500 - 29503 Java/1.8.0_131 -
127.0.0.1 - - [03/Dec/2020:09:33:28 +0800] "GET /nacos/v1/cs/configs?dataId=springboot2-nacos-config&group=DEFAULT_GROUP HTTP/1.1" 200 24 14 Java/1.8.0_131 -
127.0.0.1 - - [03/Dec/2020:09:33:28 +0800] "POST /nacos/v1/cs/configs/listener HTTP/1.1" 200 45 4 Java/1.8.0_131 -
127.0.0.1 - - [03/Dec/2020:09:33:28 +0800] "GET /nacos/v1/cs/configs?dataId=springboot2-nacos-config&group=DEFAULT_GROUP HTTP/1.1" 200 24 4 Java/1.8.0_131 -
127.0.0.1 - - [03/Dec/2020:09:33:46 +0800] "GET /nacos/v1/cs/configs?dataId=springboot2-nacos-config1&group=DEFAULT_GROUP HTTP/1.1" 404 23 7 Java/1.8.0_131 -
127.0.0.1 - - [03/Dec/2020:09:33:46 +0800] "POST /nacos/v1/cs/configs/listener HTTP/1.1" 200 - 5 Java/1.8.0_131 -
127.0.0.1 - - [03/Dec/2020:09:33:57 +0800] "POST /nacos/v1/cs/configs/listener HTTP/1.1" 200 - 29507 Java/1.8.0_131 -
127.0.0.1 - - [03/Dec/2020:09:34:00 +0800] "GET /nacos/v1/cs/configs?dataId=springboot2-nacos-config2&group=DEFAULT_GROUP HTTP/1.1" 404 23 4 Java/1.8.0_131 -
127.0.0.1 - - [03/Dec/2020:09:34:00 +0800] "POST /nacos/v1/cs/configs/listener HTTP/1.1" 200 - 4 Java/1.8.0_131 -
127.0.0.1 - - [03/Dec/2020:09:34:16 +0800] "POST /nacos/v1/cs/configs/listener HTTP/1.1" 500 - 29507 Java/1.8.0_131 -
127.0.0.1 - - [03/Dec/2020:09:34:27 +0800] "POST /nacos/v1/cs/configs/listener HTTP/1.1" 200 - 29505 Java/1.8.0_131 -
127.0.0.1 - - [03/Dec/2020:09:34:29 +0800] "POST /nacos/v1/cs/configs/listener HTTP/1.1" 500 - 29504 Java/1.8.0_131 -
127.0.0.1 - - [03/Dec/2020:09:34:56 +0800] "POST /nacos/v1/cs/configs/listener HTTP/1.1" 200 - 29506 Java/1.8.0_131 -
127.0.0.1 - - [03/Dec/2020:09:35:26 +0800] "POST /nacos/v1/cs/configs/listener HTTP/1.1" 200 - 29503 Java/1.8.0_131 -
127.0.0.1 - - [03/Dec/2020:09:35:55 +0800] "POST /nacos/v1/cs/configs/listener HTTP/1.1" 500 - 29505 Java/1.8.0_131 -
127.0.0.1 - - [03/Dec/2020:09:36:36 +0800] "GET /nacos/v1/cs/configs?dataId=springboot2-nacos-config&group=DEFAULT_GROUP HTTP/1.1" 200 24 6 Java/1.8.0_131 -
127.0.0.1 - - [03/Dec/2020:09:36:36 +0800] "POST /nacos/v1/cs/configs/listener HTTP/1.1" 200 45 3 Java/1.8.0_131 -
127.0.0.1 - - [03/Dec/2020:09:36:36 +0800] "GET /nacos/v1/cs/configs?dataId=springboot2-nacos-config&group=DEFAULT_GROUP HTTP/1.1" 200 24 4 Java/1.8.0_131 -
127.0.0.1 - - [03/Dec/2020:09:37:05 +0800] "POST /nacos/v1/cs/configs/listener HTTP/1.1" 200 - 29504 Java/1.8.0_131 -
127.0.0.1 - - [03/Dec/2020:09:37:06 +0800] "GET /nacos/v1/cs/configs?dataId=springboot2-nacos-config1&group=DEFAULT_GROUP HTTP/1.1" 404 23 3 Java/1.8.0_131 -
127.0.0.1 - - [03/Dec/2020:09:37:06 +0800] "POST /nacos/v1/cs/configs/listener HTTP/1.1" 200 - 4 Java/1.8.0_131 -
127.0.0.1 - - [03/Dec/2020:09:37:24 +0800] "GET /nacos/v1/cs/configs?dataId=springboot2-nacos-config2&group=DEFAULT_GROUP HTTP/1.1" 404 23 7 Java/1.8.0_131 -
127.0.0.1 - - [03/Dec/2020:09:37:24 +0800] "POST /nacos/v1/cs/configs/listener HTTP/1.1" 200 - 4 Java/1.8.0_131 -
127.0.0.1 - - [03/Dec/2020:09:37:35 +0800] "POST /nacos/v1/cs/configs/listener HTTP/1.1" 200 - 29504 Java/1.8.0_131 -
127.0.0.1 - - [03/Dec/2020:09:37:36 +0800] "POST /nacos/v1/cs/configs/listener HTTP/1.1" 200 - 29504 Java/1.8.0_131 -
0:0:0:0:0:0:0:1 - - [03/Dec/2020:09:37:41 +0800] "GET /nacos/v1/cs/configs?dataId=springboot2-nacos-config&group=DEFAULT_GROUP&appName=&config_tags=&pageNo=1&pageSize=10&tenant=&search=accurate&accessToken=eyJhbGciOiJIUzI1NiJ9.eyJzdWIiOiJuYWNvcyIsImV4cCI6MTYwNjkxOTc1OX0.8A-bFk8ePRMJ6A8WRZg_4ooRetdHiYSU9V2zR2rVjUo HTTP/1.1" 200 233 27 Mozilla/5.0 (Windows NT 10.0; Win64; x64) AppleWebKit/537.36 (KHTML, like Gecko) Chrome/86.0.4240.198 Safari/537.36 -
0:0:0:0:0:0:0:1 - - [03/Dec/2020:09:37:46 +0800] "GET /nacos/v1/cs/configs?dataId=springboot2-nacos-config&group=DEFAULT_GROUP&appName=&config_tags=&pageNo=1&pageSize=10&tenant=&search=accurate&accessToken=eyJhbGciOiJIUzI1NiJ9.eyJzdWIiOiJuYWNvcyIsImV4cCI6MTYwNjkxOTc1OX0.8A-bFk8ePRMJ6A8WRZg_4ooRetdHiYSU9V2zR2rVjUo HTTP/1.1" 200 233 10 Mozilla/5.0 (Windows NT 10.0; Win64; x64) AppleWebKit/537.36 (KHTML, like Gecko) Chrome/86.0.4240.198 Safari/537.36 -
0:0:0:0:0:0:0:1 - - [03/Dec/2020:09:37:49 +0800] "GET /nacos/v1/cs/configs?show=all&dataId=springboot2-nacos-config&group=DEFAULT_GROUP&tenant=&accessToken=eyJhbGciOiJIUzI1NiJ9.eyJzdWIiOiJuYWNvcyIsImV4cCI6MTYwNjkxOTc1OX0.8A-bFk8ePRMJ6A8WRZg_4ooRetdHiYSU9V2zR2rVjUo&namespaceId= HTTP/1.1" 200 369 12 Mozilla/5.0 (Windows NT 10.0; Win64; x64) AppleWebKit/537.36 (KHTML, like Gecko) Chrome/86.0.4240.198 Safari/537.36 -
127.0.0.1 - - [03/Dec/2020:09:37:53 +0800] "POST /nacos/v1/cs/configs/listener HTTP/1.1" 200 - 29508 Java/1.8.0_131 -
127.0.0.1 - - [03/Dec/2020:09:38:04 +0800] "POST /nacos/v1/cs/configs/listener HTTP/1.1" 200 - 29506 Java/1.8.0_131 -
127.0.0.1 - - [03/Dec/2020:09:38:05 +0800] "POST /nacos/v1/cs/configs/listener HTTP/1.1" 200 - 29507 Java/1.8.0_131 -
127.0.0.1 - - [03/Dec/2020:09:38:23 +0800] "POST /nacos/v1/cs/configs/listener HTTP/1.1" 200 - 29507 Java/1.8.0_131 -
0:0:0:0:0:0:0:1 - - [03/Dec/2020:09:38:23 +0800] "GET /nacos/v1/cs/configs?dataId=springboot2-nacos-config&group=DEFAULT_GROUP&appName=&config_tags=&pageNo=1&pageSize=10&tenant=&search=accurate&accessToken=eyJhbGciOiJIUzI1NiJ9.eyJzdWIiOiJuYWNvcyIsImV4cCI6MTYwNjkxOTc1OX0.8A-bFk8ePRMJ6A8WRZg_4ooRetdHiYSU9V2zR2rVjUo HTTP/1.1" 200 233 10 Mozilla/5.0 (Windows NT 10.0; Win64; x64) AppleWebKit/537.36 (KHTML, like Gecko) Chrome/86.0.4240.198 Safari/537.36 -
127.0.0.1 - - [03/Dec/2020:09:38:34 +0800] "POST /nacos/v1/cs/configs/listener HTTP/1.1" 200 - 29504 Java/1.8.0_131 -
127.0.0.1 - - [03/Dec/2020:09:38:35 +0800] "POST /nacos/v1/cs/configs/listener HTTP/1.1" 200 - 29506 Java/1.8.0_131 -
0:0:0:0:0:0:0:1 - - [03/Dec/2020:09:38:38 +0800] "GET /nacos/v1/cs/configs?&accessToken=eyJhbGciOiJIUzI1NiJ9.eyJzdWIiOiJuYWNvcyIsImV4cCI6MTYwNjkxOTc1OX0.8A-bFk8ePRMJ6A8WRZg_4ooRetdHiYSU9V2zR2rVjUo&show=all&dataId=springboot2-nacos-config1&group=DEFAULT_GROUP&tenant=&namespaceId= HTTP/1.1" 200 - 6 Mozilla/5.0 (Windows NT 10.0; Win64; x64) AppleWebKit/537.36 (KHTML, like Gecko) Chrome/86.0.4240.198 Safari/537.36 -
0:0:0:0:0:0:0:1 - - [03/Dec/2020:09:38:38 +0800] "POST /nacos/v1/cs/configs?&accessToken=eyJhbGciOiJIUzI1NiJ9.eyJzdWIiOiJuYWNvcyIsImV4cCI6MTYwNjkxOTc1OX0.8A-bFk8ePRMJ6A8WRZg_4ooRetdHiYSU9V2zR2rVjUo HTTP/1.1" 200 14 88 Mozilla/5.0 (Windows NT 10.0; Win64; x64) AppleWebKit/537.36 (KHTML, like Gecko) Chrome/86.0.4240.198 Safari/537.36 -
192.168.10.142 - - [03/Dec/2020:09:38:38 +0800] "GET /nacos/v1/cs/communication/dataChange?dataId=springboot2-nacos-config1&group=DEFAULT_GROUP HTTP/1.1" 200 14 13 Apache-HttpAsyncClient/4.1.3 (Java/1.8.0_131) -
127.0.0.1 - - [03/Dec/2020:09:38:38 +0800] "POST /nacos/v1/cs/configs/listener HTTP/1.1" 200 46 3820 Java/1.8.0_131 -
127.0.0.1 - - [03/Dec/2020:09:38:39 +0800] "GET /nacos/v1/cs/configs?dataId=springboot2-nacos-config1&group=DEFAULT_GROUP HTTP/1.1" 200 24 9 Java/1.8.0_131 -
0:0:0:0:0:0:0:1 - - [03/Dec/2020:09:38:43 +0800] "GET /nacos/v1/cs/configs?dataId=springboot2-nacos-config&group=DEFAULT_GROUP&appName=&config_tags=&pageNo=1&pageSize=10&tenant=&search=accurate&accessToken=eyJhbGciOiJIUzI1NiJ9.eyJzdWIiOiJuYWNvcyIsImV4cCI6MTYwNjkxOTc1OX0.8A-bFk8ePRMJ6A8WRZg_4ooRetdHiYSU9V2zR2rVjUo HTTP/1.1" 200 233 26 Mozilla/5.0 (Windows NT 10.0; Win64; x64) AppleWebKit/537.36 (KHTML, like Gecko) Chrome/86.0.4240.198 Safari/537.36 -
127.0.0.1 - - [03/Dec/2020:09:38:52 +0800] "POST /nacos/v1/cs/configs/listener HTTP/1.1" 200 - 29505 Java/1.8.0_131 -
127.0.0.1 - - [03/Dec/2020:09:39:03 +0800] "POST /nacos/v1/cs/configs/listener HTTP/1.1" 200 - 29505 Java/1.8.0_131 -
0:0:0:0:0:0:0:1 - - [03/Dec/2020:09:39:08 +0800] "GET /nacos/v1/cs/configs?&accessToken=eyJhbGciOiJIUzI1NiJ9.eyJzdWIiOiJuYWNvcyIsImV4cCI6MTYwNjkxOTc1OX0.8A-bFk8ePRMJ6A8WRZg_4ooRetdHiYSU9V2zR2rVjUo&show=all&dataId=springboot2-nacos-config2&group=DEFAULT_GROUP&tenant=&namespaceId= HTTP/1.1" 200 - 10 Mozilla/5.0 (Windows NT 10.0; Win64; x64) AppleWebKit/537.36 (KHTML, like Gecko) Chrome/86.0.4240.198 Safari/537.36 -
0:0:0:0:0:0:0:1 - - [03/Dec/2020:09:39:08 +0800] "POST /nacos/v1/cs/configs?&accessToken=eyJhbGciOiJIUzI1NiJ9.eyJzdWIiOiJuYWNvcyIsImV4cCI6MTYwNjkxOTc1OX0.8A-bFk8ePRMJ6A8WRZg_4ooRetdHiYSU9V2zR2rVjUo HTTP/1.1" 200 14 126 Mozilla/5.0 (Windows NT 10.0; Win64; x64) AppleWebKit/537.36 (KHTML, like Gecko) Chrome/86.0.4240.198 Safari/537.36 -
192.168.10.142 - - [03/Dec/2020:09:39:08 +0800] "GET /nacos/v1/cs/communication/dataChange?dataId=springboot2-nacos-config2&group=DEFAULT_GROUP HTTP/1.1" 200 14 18 Apache-HttpAsyncClient/4.1.3 (Java/1.8.0_131) -
127.0.0.1 - - [03/Dec/2020:09:39:08 +0800] "POST /nacos/v1/cs/configs/listener HTTP/1.1" 200 46 15611 Java/1.8.0_131 -
127.0.0.1 - - [03/Dec/2020:09:39:08 +0800] "POST /nacos/v1/cs/configs/listener HTTP/1.1" 200 - 29509 Java/1.8.0_131 -
127.0.0.1 - - [03/Dec/2020:09:39:08 +0800] "GET /nacos/v1/cs/configs?dataId=springboot2-nacos-config2&group=DEFAULT_GROUP HTTP/1.1" 200 24 21 Java/1.8.0_131 -
0:0:0:0:0:0:0:1 - - [03/Dec/2020:09:39:11 +0800] "GET /nacos/v1/cs/configs?dataId=springboot2-nacos-config&group=DEFAULT_GROUP&appName=&config_tags=&pageNo=1&pageSize=10&tenant=&search=accurate&accessToken=eyJhbGciOiJIUzI1NiJ9.eyJzdWIiOiJuYWNvcyIsImV4cCI6MTYwNjkxOTc1OX0.8A-bFk8ePRMJ6A8WRZg_4ooRetdHiYSU9V2zR2rVjUo HTTP/1.1" 200 233 16 Mozilla/5.0 (Windows NT 10.0; Win64; x64) AppleWebKit/537.36 (KHTML, like Gecko) Chrome/86.0.4240.198 Safari/537.36 -
0:0:0:0:0:0:0:1 - - [03/Dec/2020:09:39:15 +0800] "GET /nacos/v1/cs/configs?dataId=&group=DEFAULT_GROUP&appName=&config_tags=&pageNo=1&pageSize=10&tenant=&search=accurate&accessToken=eyJhbGciOiJIUzI1NiJ9.eyJzdWIiOiJuYWNvcyIsImV4cCI6MTYwNjkxOTc1OX0.8A-bFk8ePRMJ6A8WRZg_4ooRetdHiYSU9V2zR2rVjUo HTTP/1.1" 200 722 42 Mozilla/5.0 (Windows NT 10.0; Win64; x64) AppleWebKit/537.36 (KHTML, like Gecko) Chrome/86.0.4240.198 Safari/537.36 -
192.168.10.142 - - [03/Dec/2020:09:39:20 +0800] "GET /nacos/v1/cs/communication/configWatchers?&dataId=springboot2-nacos-config&group=DEFAULT_GROUP HTTP/1.1" 200 87 903 Java/1.8.0_131 -
0:0:0:0:0:0:0:1 - - [03/Dec/2020:09:39:20 +0800] "GET /nacos/v1/cs/configs/listener?dataId=springboot2-nacos-config&group=DEFAULT_GROUP&tenant=&accessToken=eyJhbGciOiJIUzI1NiJ9.eyJzdWIiOiJuYWNvcyIsImV4cCI6MTYwNjkxOTc1OX0.8A-bFk8ePRMJ6A8WRZg_4ooRetdHiYSU9V2zR2rVjUo&namespaceId= HTTP/1.1" 200 61 951 Mozilla/5.0 (Windows NT 10.0; Win64; x64) AppleWebKit/537.36 (KHTML, like Gecko) Chrome/86.0.4240.198 Safari/537.36 -
0:0:0:0:0:0:0:1 - - [03/Dec/2020:09:39:23 +0800] "GET /nacos/v1/cs/history?search=accurate&dataId=springboot2-nacos-config&group=DEFAULT_GROUP&&pageNo=1&pageSize=10&tenant=&accessToken=eyJhbGciOiJIUzI1NiJ9.eyJzdWIiOiJuYWNvcyIsImV4cCI6MTYwNjkxOTc1OX0.8A-bFk8ePRMJ6A8WRZg_4ooRetdHiYSU9V2zR2rVjUo&namespaceId= HTTP/1.1" 200 359 23 Mozilla/5.0 (Windows NT 10.0; Win64; x64) AppleWebKit/537.36 (KHTML, like Gecko) Chrome/86.0.4240.198 Safari/537.36 -
0:0:0:0:0:0:0:1 - - [03/Dec/2020:09:39:24 +0800] "GET /nacos/v1/cs/configs?dataId=springboot2-nacos-config&group=DEFAULT_GROUP&appName=&config_tags=&pageNo=1&pageSize=10&tenant=&search=accurate&accessToken=eyJhbGciOiJIUzI1NiJ9.eyJzdWIiOiJuYWNvcyIsImV4cCI6MTYwNjkxOTc1OX0.8A-bFk8ePRMJ6A8WRZg_4ooRetdHiYSU9V2zR2rVjUo HTTP/1.1" 200 233 9 Mozilla/5.0 (Windows NT 10.0; Win64; x64) AppleWebKit/537.36 (KHTML, like Gecko) Chrome/86.0.4240.198 Safari/537.36 -
0:0:0:0:0:0:0:1 - - [03/Dec/2020:09:39:28 +0800] "GET /nacos/v1/cs/configs?dataId=&group=DEFAULT_GROUP&appName=&config_tags=&pageNo=1&pageSize=10&tenant=&search=accurate&accessToken=eyJhbGciOiJIUzI1NiJ9.eyJzdWIiOiJuYWNvcyIsImV4cCI6MTYwNjkxOTc1OX0.8A-bFk8ePRMJ6A8WRZg_4ooRetdHiYSU9V2zR2rVjUo HTTP/1.1" 200 722 8 Mozilla/5.0 (Windows NT 10.0; Win64; x64) AppleWebKit/537.36 (KHTML, like Gecko) Chrome/86.0.4240.198 Safari/537.36 -
127.0.0.1 - - [03/Dec/2020:09:39:33 +0800] "POST /nacos/v1/cs/configs/listener HTTP/1.1" 200 - 29508 Java/1.8.0_131 -
127.0.0.1 - - [03/Dec/2020:09:39:38 +0800] "POST /nacos/v1/cs/configs/listener HTTP/1.1" 200 - 29507 Java/1.8.0_131 -
127.0.0.1 - - [03/Dec/2020:09:39:38 +0800] "POST /nacos/v1/cs/configs/listener HTTP/1.1" 200 - 29507 Java/1.8.0_131 -
0:0:0:0:0:0:0:1 - - [03/Dec/2020:09:39:43 +0800] "GET /nacos/v1/cs/history?search=accurate&dataId=springboot2-nacos-config&group=DEFAULT_GROUP&&pageNo=1&pageSize=10&tenant=&accessToken=eyJhbGciOiJIUzI1NiJ9.eyJzdWIiOiJuYWNvcyIsImV4cCI6MTYwNjkxOTc1OX0.8A-bFk8ePRMJ6A8WRZg_4ooRetdHiYSU9V2zR2rVjUo&namespaceId= HTTP/1.1" 200 359 9 Mozilla/5.0 (Windows NT 10.0; Win64; x64) AppleWebKit/537.36 (KHTML, like Gecko) Chrome/86.0.4240.198 Safari/537.36 -
192.168.10.142 - - [03/Dec/2020:09:39:44 +0800] "GET /nacos/v1/cs/communication/configWatchers?&dataId=springboot2-nacos-config&group=DEFAULT_GROUP HTTP/1.1" 200 87 209 Java/1.8.0_131 -
0:0:0:0:0:0:0:1 - - [03/Dec/2020:09:39:44 +0800] "GET /nacos/v1/cs/configs/listener?dataId=springboot2-nacos-config&group=DEFAULT_GROUP&tenant=&accessToken=eyJhbGciOiJIUzI1NiJ9.eyJzdWIiOiJuYWNvcyIsImV4cCI6MTYwNjkxOTc1OX0.8A-bFk8ePRMJ6A8WRZg_4ooRetdHiYSU9V2zR2rVjUo&namespaceId= HTTP/1.1" 200 107 232 Mozilla/5.0 (Windows NT 10.0; Win64; x64) AppleWebKit/537.36 (KHTML, like Gecko) Chrome/86.0.4240.198 Safari/537.36 -
192.168.10.142 - - [03/Dec/2020:09:39:56 +0800] "GET /nacos/v1/cs/communication/configWatchers?&dataId=springboot2-nacos-config&group=DEFAULT_GROUP HTTP/1.1" 200 87 208 Java/1.8.0_131 -
0:0:0:0:0:0:0:1 - - [03/Dec/2020:09:39:56 +0800] "GET /nacos/v1/cs/configs/listener?dataId=springboot2-nacos-config&group=DEFAULT_GROUP&tenant=&accessToken=eyJhbGciOiJIUzI1NiJ9.eyJzdWIiOiJuYWNvcyIsImV4cCI6MTYwNjkxOTc1OX0.8A-bFk8ePRMJ6A8WRZg_4ooRetdHiYSU9V2zR2rVjUo&namespaceId= HTTP/1.1" 200 107 218 Mozilla/5.0 (Windows NT 10.0; Win64; x64) AppleWebKit/537.36 (KHTML, like Gecko) Chrome/86.0.4240.198 Safari/537.36 -
192.168.10.142 - - [03/Dec/2020:09:39:58 +0800] "GET /nacos/v1/cs/communication/configWatchers?&dataId=springboot2-nacos-config1&group=DEFAULT_GROUP HTTP/1.1" 200 87 209 Java/1.8.0_131 -
0:0:0:0:0:0:0:1 - - [03/Dec/2020:09:39:58 +0800] "GET /nacos/v1/cs/configs/listener?dataId=springboot2-nacos-config1&group=DEFAULT_GROUP&tenant=&accessToken=eyJhbGciOiJIUzI1NiJ9.eyJzdWIiOiJuYWNvcyIsImV4cCI6MTYwNjkxOTc1OX0.8A-bFk8ePRMJ6A8WRZg_4ooRetdHiYSU9V2zR2rVjUo&namespaceId= HTTP/1.1" 200 107 216 Mozilla/5.0 (Windows NT 10.0; Win64; x64) AppleWebKit/537.36 (KHTML, like Gecko) Chrome/86.0.4240.198 Safari/537.36 -
127.0.0.1 - - [03/Dec/2020:09:40:02 +0800] "POST /nacos/v1/cs/configs/listener HTTP/1.1" 200 - 29509 Java/1.8.0_131 -
192.168.10.142 - - [03/Dec/2020:09:40:03 +0800] "GET /nacos/v1/cs/communication/configWatchers?&dataId=springboot2-nacos-config2&group=DEFAULT_GROUP HTTP/1.1" 200 87 207 Java/1.8.0_131 -
0:0:0:0:0:0:0:1 - - [03/Dec/2020:09:40:03 +0800] "GET /nacos/v1/cs/configs/listener?dataId=springboot2-nacos-config2&group=DEFAULT_GROUP&tenant=&accessToken=eyJhbGciOiJIUzI1NiJ9.eyJzdWIiOiJuYWNvcyIsImV4cCI6MTYwNjkxOTc1OX0.8A-bFk8ePRMJ6A8WRZg_4ooRetdHiYSU9V2zR2rVjUo&namespaceId= HTTP/1.1" 200 107 214 Mozilla/5.0 (Windows NT 10.0; Win64; x64) AppleWebKit/537.36 (KHTML, like Gecko) Chrome/86.0.4240.198 Safari/537.36 -
127.0.0.1 - - [03/Dec/2020:09:40:07 +0800] "POST /nacos/v1/cs/configs/listener HTTP/1.1" 200 - 29504 Java/1.8.0_131 -
127.0.0.1 - - [03/Dec/2020:09:40:07 +0800] "POST /nacos/v1/cs/configs/listener HTTP/1.1" 200 - 29502 Java/1.8.0_131 -
192.168.10.142 - - [03/Dec/2020:09:40:07 +0800] "GET /nacos/v1/cs/communication/watcherConfigs?&ip=undefined HTTP/1.1" 200 41 231 Java/1.8.0_131 -
0:0:0:0:0:0:0:1 - - [03/Dec/2020:09:40:07 +0800] "GET /nacos/v1/cs/listener?ip=undefined&accessToken=eyJhbGciOiJIUzI1NiJ9.eyJzdWIiOiJuYWNvcyIsImV4cCI6MTYwNjkxOTc1OX0.8A-bFk8ePRMJ6A8WRZg_4ooRetdHiYSU9V2zR2rVjUo&namespaceId= HTTP/1.1" 200 61 272 Mozilla/5.0 (Windows NT 10.0; Win64; x64) AppleWebKit/537.36 (KHTML, like Gecko) Chrome/86.0.4240.198 Safari/537.36 -
192.168.10.142 - - [03/Dec/2020:09:40:08 +0800] "GET /nacos/v1/cs/communication/watcherConfigs?&ip=undefined HTTP/1.1" 200 41 209 Java/1.8.0_131 -
0:0:0:0:0:0:0:1 - - [03/Dec/2020:09:40:08 +0800] "GET /nacos/v1/cs/listener?ip=undefined&accessToken=eyJhbGciOiJIUzI1NiJ9.eyJzdWIiOiJuYWNvcyIsImV4cCI6MTYwNjkxOTc1OX0.8A-bFk8ePRMJ6A8WRZg_4ooRetdHiYSU9V2zR2rVjUo&namespaceId= HTTP/1.1" 200 61 217 Mozilla/5.0 (Windows NT 10.0; Win64; x64) AppleWebKit/537.36 (KHTML, like Gecko) Chrome/86.0.4240.198 Safari/537.36 -
192.168.10.142 - - [03/Dec/2020:09:40:16 +0800] "GET /nacos/v1/cs/communication/configWatchers?&dataId=springboot2-nacos-config2&group=DEFAULT_GROUP HTTP/1.1" 200 87 209 Java/1.8.0_131 -
0:0:0:0:0:0:0:1 - - [03/Dec/2020:09:40:16 +0800] "GET /nacos/v1/cs/configs/listener?dataId=springboot2-nacos-config2&group=DEFAULT_GROUP&tenant=&accessToken=eyJhbGciOiJIUzI1NiJ9.eyJzdWIiOiJuYWNvcyIsImV4cCI6MTYwNjkxOTc1OX0.8A-bFk8ePRMJ6A8WRZg_4ooRetdHiYSU9V2zR2rVjUo&namespaceId= HTTP/1.1" 200 107 216 Mozilla/5.0 (Windows NT 10.0; Win64; x64) AppleWebKit/537.36 (KHTML, like Gecko) Chrome/86.0.4240.198 Safari/537.36 -
0:0:0:0:0:0:0:1 - - [03/Dec/2020:09:40:19 +0800] "GET /nacos/v1/cs/configs?dataId=springboot2-nacos-config&group=DEFAULT_GROUP&appName=&config_tags=&pageNo=1&pageSize=10&tenant=&search=accurate&accessToken=eyJhbGciOiJIUzI1NiJ9.eyJzdWIiOiJuYWNvcyIsImV4cCI6MTYwNjkxOTc1OX0.8A-bFk8ePRMJ6A8WRZg_4ooRetdHiYSU9V2zR2rVjUo HTTP/1.1" 200 233 10 Mozilla/5.0 (Windows NT 10.0; Win64; x64) AppleWebKit/537.36 (KHTML, like Gecko) Chrome/86.0.4240.198 Safari/537.36 -
127.0.0.1 - - [03/Dec/2020:09:40:32 +0800] "POST /nacos/v1/cs/configs/listener HTTP/1.1" 200 - 29506 Java/1.8.0_131 -
127.0.0.1 - - [03/Dec/2020:09:40:37 +0800] "POST /nacos/v1/cs/configs/listener HTTP/1.1" 200 - 29505 Java/1.8.0_131 -
127.0.0.1 - - [03/Dec/2020:09:40:37 +0800] "POST /nacos/v1/cs/configs/listener HTTP/1.1" 200 - 29505 Java/1.8.0_131 -
127.0.0.1 - - [03/Dec/2020:09:41:01 +0800] "POST /nacos/v1/cs/configs/listener HTTP/1.1" 200 - 29507 Java/1.8.0_131 -
127.0.0.1 - - [03/Dec/2020:09:41:06 +0800] "POST /nacos/v1/cs/configs/listener HTTP/1.1" 200 - 29507 Java/1.8.0_131 -
127.0.0.1 - - [03/Dec/2020:09:41:06 +0800] "POST /nacos/v1/cs/configs/listener HTTP/1.1" 200 - 29508 Java/1.8.0_131 -
127.0.0.1 - - [03/Dec/2020:09:41:31 +0800] "POST /nacos/v1/cs/configs/listener HTTP/1.1" 200 - 29508 Java/1.8.0_131 -
127.0.0.1 - - [03/Dec/2020:09:41:36 +0800] "POST /nacos/v1/cs/configs/listener HTTP/1.1" 200 - 29504 Java/1.8.0_131 -
127.0.0.1 - - [03/Dec/2020:09:41:36 +0800] "POST /nacos/v1/cs/configs/listener HTTP/1.1" 200 - 29505 Java/1.8.0_131 -
127.0.0.1 - - [03/Dec/2020:09:42:00 +0800] "POST /nacos/v1/cs/configs/listener HTTP/1.1" 200 - 29508 Java/1.8.0_131 -
127.0.0.1 - - [03/Dec/2020:09:42:05 +0800] "POST /nacos/v1/cs/configs/listener HTTP/1.1" 200 - 29510 Java/1.8.0_131 -
127.0.0.1 - - [03/Dec/2020:09:42:05 +0800] "POST /nacos/v1/cs/configs/listener HTTP/1.1" 200 - 29509 Java/1.8.0_131 -
127.0.0.1 - - [03/Dec/2020:09:42:30 +0800] "POST /nacos/v1/cs/configs/listener HTTP/1.1" 200 - 29511 Java/1.8.0_131 -
127.0.0.1 - - [03/Dec/2020:09:42:35 +0800] "POST /nacos/v1/cs/configs/listener HTTP/1.1" 200 - 29510 Java/1.8.0_131 -
127.0.0.1 - - [03/Dec/2020:09:42:35 +0800] "POST /nacos/v1/cs/configs/listener HTTP/1.1" 200 - 29507 Java/1.8.0_131 -
